/home/ahmad/Documents/MCUXpresso_11.10.0_3148/workspacex/lpcxpresso55s69_mailbox_interrupt_cm33_core1/CMSIS/core_cm33.h:2390:22:__NVIC_EnableIRQ	16	static
/home/ahmad/Documents/MCUXpresso_11.10.0_3148/workspacex/lpcxpresso55s69_mailbox_interrupt_cm33_core1/CMSIS/core_cm33.h:2587:22:__NVIC_SetPriority	16	static
/home/ahmad/Documents/MCUXpresso_11.10.0_3148/workspacex/lpcxpresso55s69_mailbox_interrupt_cm33_core1/drivers/fsl_clock.h:983:20:CLOCK_EnableClock	24	static
/home/ahmad/Documents/MCUXpresso_11.10.0_3148/workspacex/lpcxpresso55s69_mailbox_interrupt_cm33_core1/drivers/fsl_gpio.h:210:20:GPIO_PortToggle	24	static
../source/mailbox_interrupt_core1.c:76:6:mb_init	8	static
../source/mailbox_interrupt_core1.c:86:10:mb_pop_evt	16	static
../source/mailbox_interrupt_core1.c:95:6:mb_push_evt	24	static
../source/mailbox_interrupt_core1.c:117:6:next_event	24	static
../source/mailbox_interrupt_core1.c:126:6:MAILBOX_IRQHandler	16	static
../source/mailbox_interrupt_core1.c:143:5:main	16	static
